EAL: '-c <coremask>' option is deprecated, and will be removed in a future release
EAL: 	Use '-l <corelist>' or '--lcores=<corelist>' option instead
[2026-07-29 05:32:05.160818] pci_event.c:  54:spdk_pci_event_listen: *ERROR*: Socket recv buffer is too small (< 1048576), see SO_RCVBUF section in socket(7) man page for specifics on how to adjust the system setting.connected: block_size=4096 chunk=131072 B round=1048576 B mode=partial
verify: wrote pattern to 8 namespaces x 8 chunks
verify: round 0 OK (8 objects x 131072 bytes)
verify: round 1 OK (8 objects x 131072 bytes)
verify: round 2 OK (8 objects x 131072 bytes)
verify: round 3 OK (8 objects x 131072 bytes)
verify: round 4 OK (8 objects x 131072 bytes)
verify: round 5 OK (8 objects x 131072 bytes)
verify: round 6 OK (8 objects x 131072 bytes)
verify: round 7 OK (8 objects x 131072 bytes)

=== kvopt_bench: mode=partial N=8 C=32 blocks K=8 R=1 Q=1 qd=0 ===
elapsed:          0.01 s
requests:         1 (188.7 req/s)
rounds:           8 (1509.5 rounds/s)
commands:         64 (64.0 per request)
payload:          1509.5 MB/s
round latency us: min=159.3 avg=329.6 p50=234.7 p90=549.3 p99=752.0 max=748.5
req latency us:   avg=4966.3 p99=4970.7
errors:           0
verify: PASS (mode=partial)
